Microchip MPLAB XC8 Compiler V2.32

Linker command line:

-W-3 --edf=C:\Program Files\Microchip\xc8\v2.32\pic\dat\en_msgs.txt -cn \
  -h+dist/default/production\ProjetoFinal.X.production.sym \
  --cmf=dist/default/production\ProjetoFinal.X.production.cmf -z -Q18F4520 \
  -oC:\Users\WINDOW~1\AppData\Local\Temp\xcAs16c.4 --defsym=__MPLAB_BUILD=1 \
  -Mdist/default/production/ProjetoFinal.X.production.map -E1 \
  -ver=XC8 Compiler --acfsm=1493 -ASTACK=0440h-05FFh -pstack=STACK \
  -ACODE=00h-07FFFh -ACONST=00h-07FFFh -ASMALLCONST=0600h-06FFhx122 \
  -AMEDIUMCONST=0600h-07FFFh -ACOMRAM=01h-07Fh -AABS1=00h-05FFh \
  -ABIGRAM=01h-05FFh -ARAM=080h-0FFh,0100h-01FFhx5 -ABANK0=080h-0FFh \
  -ABANK1=0100h-01FFh -ABANK2=0200h-02FFh -ABANK3=0300h-03FFh \
  -ABANK4=0400h-04FFh -ABANK5=0500h-05FFh -ASFR=0F80h-0FFFh \
  -ACONFIG=0300000h-030000Dh -AIDLOC=0200000h-0200007h \
  -AEEDATA=0F00000h-0F000FFh -peeprom_data=EEDATA \
  -preset_vec=00h,intcode,intcodelo,powerup,init -pramtop=0600h \
  -psmallconst=SMALLCONST -pmediumconst=MEDIUMCONST -pconst=CONST \
  -AFARRAM=00h-00h \
  -prdata=COMRAM,nvrram=COMRAM,nvbit=COMRAM,rbss=COMRAM,rbit=COMRAM \
  -pfarbss=FARRAM,fardata=FARRAM,nvFARRAM=FARRAM \
  -pintsave_regs=BIGRAM,bigbss=BIGRAM,bigdata=BIGRAM -pbss=RAM \
  -pidata=CODE,irdata=CODE,ibigdata=CODE,ifardata=CODE -prparam=COMRAM \
  C:\Users\WINDOW~1\AppData\Local\Temp\xcAs16c.o \
  dist/default/production\ProjetoFinal.X.production.o 

Object code version is 3.11

Machine type is 18F4520



                Name                               Link     Load   Length Selector   Space Scale
C:\Users\WINDOW~1\AppData\Local\Temp\xcAs16c.o
                idloc                            200000   200000        8        0       5
                config                           300000   300000        E        0       4
                init                                  0        0        4        0       0
dist/default/production\ProjetoFinal.X.production.o
                idloc                            200000   200000        8        0       5
                config                           300000   300000        E        0       4
                smallconst                          600      600       20      300       0
                text37                             3924     3924       64      310       0
                text36                             34DA     34DA       92      310       0
                text35                             3C1A     3C1A        A      310       0
                text34                             294C     294C      17A      310       0
                text33                             3C10     3C10        A      310       0
                text32                             3292     3292       EC      310       0
                text31                             1C08     1C08      4C0      310       0
                text30                             2F9E     2F9E      104      310       0
                text29                             2D8A     2D8A      10C      310       0
                text28                             3B9A     3B9A       26      310       0
                text27                             3770     3770       74      310       0
                text26                             3B74     3B74       26      310       0
                text25                             3850     3850       6C      310       0
                text24                             38BC     38BC       68      310       0
                text23                             3B44     3B44       30      310       0
                text22                             3BF8     3BF8       18      310       0
                text21                             3BDC     3BDC       1C      310       0
                text20                             26FE     26FE      24E      310       0
                text19                             367A     367A       7E      310       0
                text18                             3B0A     3B0A       3A      310       0
                text17                             3A36     3A36       54      310       0
                text16                             337E     337E       C2      310       0
                text15                             37E4     37E4       6C      310       0
                text14                             3988     3988       58      310       0
                text13                             2C3A     2C3A      150      310       0
                text12                             168E     168E      57A      310       0
                text11                             1114     1114      57A      310       0
                text10                              B9A      B9A      57A      310       0
                text9                               620      620      57A      310       0
                text8                              2E96     2E96      108      310       0
                text7                              20C8     20C8      3E8      310       0
                text6                              2AC6     2AC6      174      310       0
                text5                              35FC     35FC       7E      310       0
                text4                              24B0     24B0      24E      310       0
                text3                              36F8     36F8       78      310       0
                text2                              3BC0     3BC0       1C      310       0
                text1                              39E0     39E0       56      310       0
                text0                              356C     356C       90      310       0
                cstackCOMRAM                          1        1       58        1       1
                cstackBANK0                          80       80       62       80       1
                cstackBANK1                         100      100       C0      100       1
                dataBANK4                           400      400       40      400       1
                dataBANK3                           300      300       F0      300       1
                dataBANK2                           200      200      100      200       1
                dataBANK1                           1C0      1C0       40      100       1
                bssCOMRAM                            59       59        C        1       1
                cinit                              3440     3440       9A      310       0
                idataBANK4                         3ACA     3ACA       40      310       0
                idataBANK3                         31A2     31A2       F0      310       0
                idataBANK2                         30A2     30A2      100      310       0
                idataBANK1                         3A8A     3A8A       40      310       0

TOTAL           Name                               Link     Load   Length     Space
        CLASS   STACK          

        CLASS   CODE           
                init                                  0        0        4         0
                text37                             3924     3924       64         0
                text36                             34DA     34DA       92         0
                text35                             3C1A     3C1A        A         0
                text34                             294C     294C      17A         0
                text33                             3C10     3C10        A         0
                text32                             3292     3292       EC         0
                text31                             1C08     1C08      4C0         0
                text30                             2F9E     2F9E      104         0
                text29                             2D8A     2D8A      10C         0
                text28                             3B9A     3B9A       26         0
                text27                             3770     3770       74         0
                text26                             3B74     3B74       26         0
                text25                             3850     3850       6C         0
                text24                             38BC     38BC       68         0
                text23                             3B44     3B44       30         0
                text22                             3BF8     3BF8       18         0
                text21                             3BDC     3BDC       1C         0
                text20                             26FE     26FE      24E         0
                text19                             367A     367A       7E         0
                text18                             3B0A     3B0A       3A         0
                text17                             3A36     3A36       54         0
                text16                             337E     337E       C2         0
                text15                             37E4     37E4       6C         0
                text14                             3988     3988       58         0
                text13                             2C3A     2C3A      150         0
                text12                             168E     168E      57A         0
                text11                             1114     1114      57A         0
                text10                              B9A      B9A      57A         0
                text9                               620      620      57A         0
                text8                              2E96     2E96      108         0
                text7                              20C8     20C8      3E8         0
                text6                              2AC6     2AC6      174         0
                text5                              35FC     35FC       7E         0
                text4                              24B0     24B0      24E         0
                text3                              36F8     36F8       78         0
                text2                              3BC0     3BC0       1C         0
                text1                              39E0     39E0       56         0
                text0                              356C     356C       90         0
                cinit                              3440     3440       9A         0
                idataBANK4                         3ACA     3ACA       40         0
                idataBANK3                         31A2     31A2       F0         0
                idataBANK2                         30A2     30A2      100         0
                idataBANK1                         3A8A     3A8A       40         0

        CLASS   CONST          

        CLASS   SMALLCONST     
                smallconst                          600      600       20         0

        CLASS   MEDIUMCONST    

        CLASS   COMRAM         
                cstackCOMRAM                          1        1       58         1
                bssCOMRAM                            59       59        C         1

        CLASS   ABS1           

        CLASS   BIGRAM         

        CLASS   RAM            

        CLASS   BANK0          
                cstackBANK0                          80       80       62         1

        CLASS   BANK1          
                cstackBANK1                         100      100       C0         1
                dataBANK1                           1C0      1C0       40         1

        CLASS   BANK2          
                dataBANK2                           200      200      100         1

        CLASS   BANK3          
                dataBANK3                           300      300       F0         1

        CLASS   BANK4          
                dataBANK4                           400      400       40         1

        CLASS   BANK5          

        CLASS   SFR            

        CLASS   CONFIG         
                config                           300000   300000        E         4

        CLASS   IDLOC          
                idloc                            200000   200000        8         5

        CLASS   EEDATA         

        CLASS   FARRAM         



SEGMENTS        Name                           Load    Length   Top    Selector   Space  Class

                reset_vec                      000000  000004  000004         0       0  CODE    
                cstackCOMRAM                   000001  000064  000065         1       1  COMRAM  
                cstackBANK0                    000080  000062  0000E2        80       1  BANK0   
                cstackBANK1                    000100  000100  000200       100       1  BANK1   
                dataBANK2                      000200  000100  000300       200       1  BANK2   
                dataBANK3                      000300  0000F0  0003F0       300       1  BANK3   
                dataBANK4                      000400  000040  000440       400       1  BANK4   
                smallconst                     000600  000020  000620       300       0  SMALLCON
                text9                          000620  003604  003C24       310       0  CODE    


UNUSED ADDRESS RANGES

        Name                Unused          Largest block    Delta
        BANK0            0000E2-0000FF               1E
        BANK3            0003F0-0003FF               10
        BANK4            000440-0004FF               C0
        BANK5            000500-0005FF              100
        BIGRAM           000065-00007F               1B
                         0000E2-0000FF               1E
                         0003F0-0003FF               10
                         000440-0005FF              1C0
        CODE             000004-0005FF              5FC
                         003C24-007FFF             43DC
        COMRAM           000065-00007F               1B
        CONST            000004-0005FF              5FC
                         003C24-007FFF             43DC
        EEDATA           F00000-F000FF              100
        MEDIUMCONST      003C24-007FFF             43DC
        RAM              0000E2-0000FF               1E
                         0003F0-0003FF               10
                         000440-0005FF               C0
        SFR              000F80-000FFF               80
        SMALLCONST       003C24-007FFF              100
        STACK            000440-0005FF              1C0

                                  Symbol Table

?___aldiv                cstackCOMRAM 000001
?___almod                cstackCOMRAM 00000F
?___fladd                cstackCOMRAM 000001
?___lwdiv                cstackCOMRAM 000001
?___wmul                 cstackCOMRAM 000001
?_kpRead                 cstackCOMRAM 000001
Delay2ms@i               cstackCOMRAM 000002
Delay40us@i              cstackCOMRAM 000001
_CCP1CON                 (abs)        000FBD
_CCP2CON                 (abs)        000FBA
_CCPR1L                  (abs)        000FBE
_CCPR2L                  (abs)        000FBB
_Delay2ms                text21       003BDC
_Delay40us               text22       003BF8
_PORTA                   (abs)        000F80
_PORTB                   (abs)        000F81
_PORTC                   (abs)        000F82
_PORTD                   (abs)        000F83
_PORTE                   (abs)        000F84
_PR2                     (abs)        000FCB
_T2CON                   (abs)        000FCA
_TRISA                   (abs)        000F92
_TRISB                   (abs)        000F93
_TRISC                   (abs)        000F94
_TRISD                   (abs)        000F95
_TRISE                   (abs)        000F96
__HRAM                   (abs)        000000
__Habs1                  abs1         000000
__Hbank0                 bank0        000000
__Hbank1                 bank1        000000
__Hbank2                 bank2        000000
__Hbank3                 bank3        000000
__Hbank4                 bank4        000000
__Hbank5                 bank5        000000
__Hbigbss                bigbss       000000
__Hbigdata               bigdata      000000
__Hbigram                bigram       000000
__Hbss                   bss          000000
__HbssCOMRAM             bssCOMRAM    000000
__Hcinit                 cinit        000000
__Hclrtext               clrtext      000000
__Hcomram                comram       000000
__Hconfig                config       30000E
__Hconst                 const        000000
__HcstackBANK0           cstackBANK0  000000
__HcstackBANK1           cstackBANK1  000000
__HcstackCOMRAM          cstackCOMRAM 000000
__Hdata                  data         000000
__HdataBANK1             dataBANK1    000000
__HdataBANK2             dataBANK2    000000
__HdataBANK3             dataBANK3    000000
__HdataBANK4             dataBANK4    000000
__Heeprom_data           eeprom_data  000000
__Hfarbss                farbss       000000
__Hfardata               fardata      000000
__Hibigdata              ibigdata     000000
__Hidata                 idata        000000
__HidataBANK1            idataBANK1   000000
__HidataBANK2            idataBANK2   000000
__HidataBANK3            idataBANK3   000000
__HidataBANK4            idataBANK4   000000
__Hidloc                 idloc        200008
__Hifardata              ifardata     000000
__Hinit                  init         000004
__Hintcode               intcode      000000
__Hintcode_body          intcode_body 000000
__Hintcodelo             intcodelo    000000
__Hintentry              intentry     000000
__Hintret                intret       000000
__Hintsave_regs          intsave_regs 000000
__Hirdata                irdata       000000
__Hmediumconst           mediumconst  000000
__HnvFARRAM              nvFARRAM     000000
__Hnvbit                 nvbit        000000
__Hnvrram                nvrram       000000
__Hparam                 rparam       000000
__Hpowerup               powerup      000000
__Hram                   ram          000000
__Hramtop                ramtop       000600
__Hrbit                  rbit         000000
__Hrbss                  rbss         000000
__Hrdata                 rdata        000000
__Hreset_vec             reset_vec    000000
__Hrparam                rparam       000000
__Hsfr                   sfr          000000
__Hsmallconst            smallconst   000620
__Hspace_0               (abs)        003C24
__Hspace_1               (abs)        000440
__Hspace_2               (abs)        000000
__Hspace_4               (abs)        60000E
__Hstack                 stack        000000
__Hstruct                struct       000000
__Htemp                  temp         000000
__Htext                  text         000000
__Htext0                 text0        000000
__Htext1                 text1        000000
__Htext10                text10       000000
__Htext11                text11       000000
__Htext12                text12       000000
__Htext13                text13       000000
__Htext14                text14       000000
__Htext15                text15       000000
__Htext16                text16       000000
__Htext17                text17       000000
__Htext18                text18       000000
__Htext19                text19       000000
__Htext2                 text2        000000
__Htext20                text20       000000
__Htext21                text21       000000
__Htext22                text22       000000
__Htext23                text23       000000
__Htext24                text24       000000
__Htext25                text25       000000
__Htext26                text26       000000
__Htext27                text27       000000
__Htext28                text28       000000
__Htext29                text29       000000
__Htext3                 text3        000000
__Htext30                text30       000000
__Htext31                text31       000000
__Htext32                text32       000000
__Htext33                text33       000000
__Htext34                text34       000000
__Htext35                text35       000000
__Htext36                text36       000000
__Htext37                text37       000000
__Htext4                 text4        000000
__Htext5                 text5        000000
__Htext6                 text6        000000
__Htext7                 text7        000000
__Htext8                 text8        000000
__Htext9                 text9        000000
__LRAM                   (abs)        000001
__Labs1                  abs1         000000
__Lbank0                 bank0        000000
__Lbank1                 bank1        000000
__Lbank2                 bank2        000000
__Lbank3                 bank3        000000
__Lbank4                 bank4        000000
__Lbank5                 bank5        000000
__Lbigbss                bigbss       000000
__Lbigdata               bigdata      000000
__Lbigram                bigram       000000
__Lbss                   bss          000000
__LbssCOMRAM             bssCOMRAM    000000
__Lcinit                 cinit        000000
__Lclrtext               clrtext      000000
__Lcomram                comram       000000
__Lconfig                config       000000
__Lconst                 const        000000
__LcstackBANK0           cstackBANK0  000000
__LcstackBANK1           cstackBANK1  000000
__LcstackCOMRAM          cstackCOMRAM 000000
__Ldata                  data         000000
__LdataBANK1             dataBANK1    000000
__LdataBANK2             dataBANK2    000000
__LdataBANK3             dataBANK3    000000
__LdataBANK4             dataBANK4    000000
__Leeprom_data           eeprom_data  000000
__Lfarbss                farbss       000000
__Lfardata               fardata      000000
__Libigdata              ibigdata     000000
__Lidata                 idata        000000
__LidataBANK1            idataBANK1   000000
__LidataBANK2            idataBANK2   000000
__LidataBANK3            idataBANK3   000000
__LidataBANK4            idataBANK4   000000
__Lidloc                 idloc        000000
__Lifardata              ifardata     000000
__Linit                  init         000000
__Lintcode               intcode      000000
__Lintcode_body          intcode_body 000000
__Lintcodelo             intcodelo    000000
__Lintentry              intentry     000000
__Lintret                intret       000000
__Lintsave_regs          intsave_regs 000000
__Lirdata                irdata       000000
__Lmediumconst           mediumconst  000000
__LnvFARRAM              nvFARRAM     000000
__Lnvbit                 nvbit        000000
__Lnvrram                nvrram       000000
__Lparam                 rparam       000000
__Lpowerup               powerup      000000
__Lram                   ram          000000
__Lramtop                ramtop       000600
__Lrbit                  rbit         000000
__Lrbss                  rbss         000000
__Lrdata                 rdata        000000
__Lreset_vec             reset_vec    000000
__Lrparam                rparam       000000
__Lsfr                   sfr          000000
__Lsmallconst            smallconst   000600
__Lspace_0               (abs)        000000
__Lspace_1               (abs)        000000
__Lspace_2               (abs)        000000
__Lspace_4               (abs)        000000
__Lstack                 stack        000000
__Lstruct                struct       000000
__Ltemp                  temp         000000
__Ltext                  text         000000
__Ltext0                 text0        000000
__Ltext1                 text1        000000
__Ltext10                text10       000000
__Ltext11                text11       000000
__Ltext12                text12       000000
__Ltext13                text13       000000
__Ltext14                text14       000000
__Ltext15                text15       000000
__Ltext16                text16       000000
__Ltext17                text17       000000
__Ltext18                text18       000000
__Ltext19                text19       000000
__Ltext2                 text2        000000
__Ltext20                text20       000000
__Ltext21                text21       000000
__Ltext22                text22       000000
__Ltext23                text23       000000
__Ltext24                text24       000000
__Ltext25                text25       000000
__Ltext26                text26       000000
__Ltext27                text27       000000
__Ltext28                text28       000000
__Ltext29                text29       000000
__Ltext3                 text3        000000
__Ltext30                text30       000000
__Ltext31                text31       000000
__Ltext32                text32       000000
__Ltext33                text33       000000
__Ltext34                text34       000000
__Ltext35                text35       000000
__Ltext36                text36       000000
__Ltext37                text37       000000
__Ltext4                 text4        000000
__Ltext5                 text5        000000
__Ltext6                 text6        000000
__Ltext7                 text7        000000
__Ltext8                 text8        000000
__Ltext9                 text9        000000
__S0                     (abs)        003C24
__S1                     (abs)        000440
__S2                     (abs)        000000
__S4                     (abs)        000000
__S5                     (abs)        000000
___aldiv                 text29       002D8A
___aldiv@counter         cstackCOMRAM 000009
___aldiv@dividend        cstackCOMRAM 000001
___aldiv@divisor         cstackCOMRAM 000005
___aldiv@quotient        cstackCOMRAM 00000B
___aldiv@sign            cstackCOMRAM 00000A
___almod                 text32       003292
___almod@counter         cstackCOMRAM 000017
___almod@dividend        cstackCOMRAM 00000F
___almod@divisor         cstackCOMRAM 000013
___almod@sign            cstackCOMRAM 000018
___fladd                 text31       001C08
___fladd@a               cstackCOMRAM 000005
___fladd@aexp            cstackCOMRAM 00000E
___fladd@b               cstackCOMRAM 000001
___fladd@bexp            cstackCOMRAM 00000F
___fladd@grs             cstackCOMRAM 000010
___fladd@signs           cstackCOMRAM 00000D
___flge                  text30       002F9E
___flge@ff1              cstackCOMRAM 000001
___flge@ff2              cstackCOMRAM 000005
___inthi_sp              stack        000000
___intlo_sp              stack        000000
___lwdiv                 text27       003770
___lwdiv@counter         cstackCOMRAM 000007
___lwdiv@dividend        cstackCOMRAM 000001
___lwdiv@divisor         cstackCOMRAM 000003
___lwdiv@quotient        cstackCOMRAM 000005
___param_bank            (abs)        000000
___rparam_used           (abs)        000001
___sp                    stack        000000
___wmul                  text26       003B74
___wmul@multiplicand     cstackCOMRAM 000003
___wmul@multiplier       cstackCOMRAM 000001
___wmul@product          cstackCOMRAM 000005
__accesstop              (abs)        000080
__activetblptr           (abs)        000002
__end_of_Delay2ms        text21       003BF8
__end_of_Delay40us       text22       003C10
__end_of___aldiv         text29       002E96
__end_of___almod         text32       00337E
__end_of___fladd         text31       0020C8
__end_of___flge          text30       0030A2
__end_of___lwdiv         text27       0037E4
__end_of___wmul          text26       003B9A
__end_of__initialization cinit        0034D0
__end_of_buzzer          text24       003924
__end_of_delay           text37       003988
__end_of_delayAux        text23       003B74
__end_of_digitalWrite    text20       00294C
__end_of_initDishWasher  text36       00356C
__end_of_kpDebounce      text34       002AC6
__end_of_kpInit          text35       003C24
__end_of_kpOptions1      text5        00367A
__end_of_kpOptions2      text8        002F9E
__end_of_kpRead          text33       003C1A
__end_of_lcdCommand      text19       0036F8
__end_of_lcdData         text17       003A8A
__end_of_lcdInit         text3        003770
__end_of_lcdPosition     text18       003B44
__end_of_main            text0        0035FC
__end_of_pinMode         text4        0026FE
__end_of_preWash         text6        002C3A
__end_of_printf          text16       003440
__end_of_pwmFrequency    text28       003BC0
__end_of_pwmInit         text2        003BDC
__end_of_pwmSet1         text15       003850
__end_of_pwmSet2         text25       0038BC
__end_of_ssdDigit        text14       0039E0
__end_of_ssdInit         text1        003A36
__end_of_ssdTimer        text7        0024B0
__end_of_ssdUpdate       text13       002D8A
__end_of_valor@ssd$F340  smallconst   000612
__end_of_washFour        text12       001C08
__end_of_washOne         text11       00168E
__end_of_washThree       text10       001114
__end_of_washTwo         text9        000B9A
__initialization         cinit        003440
__mediumconst            mediumconst  000000
__pbssCOMRAM             bssCOMRAM    000059
__pcinit                 cinit        003440
__pcstackBANK0           cstackBANK0  000080
__pcstackBANK1           cstackBANK1  000100
__pcstackCOMRAM          cstackCOMRAM 000001
__pdataBANK1             dataBANK1    0001C0
__pdataBANK2             dataBANK2    000200
__pdataBANK3             dataBANK3    000300
__pdataBANK4             dataBANK4    000400
__pidataBANK1            idataBANK1   003A8A
__pidataBANK2            idataBANK2   0030A2
__pidataBANK3            idataBANK3   0031A2
__pidataBANK4            idataBANK4   003ACA
__psmallconst            smallconst   000600
__ptext0                 text0        00356C
__ptext1                 text1        0039E0
__ptext10                text10       000B9A
__ptext11                text11       001114
__ptext12                text12       00168E
__ptext13                text13       002C3A
__ptext14                text14       003988
__ptext15                text15       0037E4
__ptext16                text16       00337E
__ptext17                text17       003A36
__ptext18                text18       003B0A
__ptext19                text19       00367A
__ptext2                 text2        003BC0
__ptext20                text20       0026FE
__ptext21                text21       003BDC
__ptext22                text22       003BF8
__ptext23                text23       003B44
__ptext24                text24       0038BC
__ptext25                text25       003850
__ptext26                text26       003B74
__ptext27                text27       003770
__ptext28                text28       003B9A
__ptext29                text29       002D8A
__ptext3                 text3        0036F8
__ptext30                text30       002F9E
__ptext31                text31       001C08
__ptext32                text32       003292
__ptext33                text33       003C10
__ptext34                text34       00294C
__ptext35                text35       003C1A
__ptext36                text36       0034DA
__ptext37                text37       003924
__ptext4                 text4        0024B0
__ptext5                 text5        0035FC
__ptext6                 text6        002AC6
__ptext7                 text7        0020C8
__ptext8                 text8        002E96
__ptext9                 text9        000620
__ramtop                 ramtop       000600
__size_of_Delay2ms       (abs)        000000
__size_of_Delay40us      (abs)        000000
__size_of___aldiv        (abs)        000000
__size_of___almod        (abs)        000000
__size_of___fladd        (abs)        000000
__size_of___flge         (abs)        000000
__size_of___lwdiv        (abs)        000000
__size_of___wmul         (abs)        000000
__size_of_buzzer         (abs)        000000
__size_of_delay          (abs)        000000
__size_of_delayAux       (abs)        000000
__size_of_digitalWrite   (abs)        000000
__size_of_initDishWasher (abs)        000000
__size_of_kpDebounce     (abs)        000000
__size_of_kpInit         (abs)        000000
__size_of_kpOptions1     (abs)        000000
__size_of_kpOptions2     (abs)        000000
__size_of_kpRead         (abs)        000000
__size_of_lcdCommand     (abs)        000000
__size_of_lcdData        (abs)        000000
__size_of_lcdInit        (abs)        000000
__size_of_lcdPosition    (abs)        000000
__size_of_main           (abs)        000000
__size_of_pinMode        (abs)        000000
__size_of_preWash        (abs)        000000
__size_of_printf         (abs)        000000
__size_of_pwmFrequency   (abs)        000000
__size_of_pwmInit        (abs)        000000
__size_of_pwmSet1        (abs)        000000
__size_of_pwmSet2        (abs)        000000
__size_of_ssdDigit       (abs)        000000
__size_of_ssdInit        (abs)        000000
__size_of_ssdTimer       (abs)        000000
__size_of_ssdUpdate      (abs)        000000
__size_of_washFour       (abs)        000000
__size_of_washOne        (abs)        000000
__size_of_washThree      (abs)        000000
__size_of_washTwo        (abs)        000000
__smallconst             smallconst   000600
_buzzer                  text24       0038BC
_delay                   text37       003924
_delayAux                text23       003B44
_digitalWrite            text20       0026FE
_display                 bssCOMRAM    000063
_initDishWasher          text36       0034DA
_kpDebounce              text34       00294C
_kpInit                  text35       003C1A
_kpOptions1              text5        0035FC
_kpOptions2              text8        002E96
_kpRead                  text33       003C10
_lcdCommand              text19       00367A
_lcdData                 text17       003A36
_lcdInit                 text3        0036F8
_lcdPosition             text18       003B0A
_main                    text0        00356C
_msg1                    dataBANK1    0001E0
_msg2                    dataBANK1    0001C0
_msg3                    dataBANK2    0002E0
_msg4                    dataBANK2    0002C0
_msg5                    dataBANK3    0003B0
_pinMode                 text4        0024B0
_preWash                 text6        002AC6
_printf                  text16       00337E
_pwmFrequency            text28       003B9A
_pwmInit                 text2        003BC0
_pwmSet1                 text15       0037E4
_pwmSet2                 text25       003850
_ssdDigit                text14       003988
_ssdInit                 text1        0039E0
_ssdTimer                text7        0020C8
_ssdUpdate               text13       002C3A
_v0                      bssCOMRAM    000062
_v1                      bssCOMRAM    000061
_v2                      bssCOMRAM    000060
_v3                      bssCOMRAM    00005F
_valor                   bssCOMRAM    00005D
_valor@ssd$F340          smallconst   000601
_washFour                text12       00168E
_washOne                 text11       001114
_washThree               text10       000B9A
_washTwo                 text9        000620
buzzer@i                 cstackCOMRAM 000011
delay@i                  cstackCOMRAM 000003
delay@j                  cstackCOMRAM 000005
delay@k                  cstackCOMRAM 000006
delay@temp               cstackCOMRAM 000001
delayAux@i               cstackCOMRAM 000001
delayAux@j               cstackCOMRAM 000004
digitalWrite@pin         cstackCOMRAM 000001
digitalWrite@value       cstackCOMRAM 000003
end_of_initialization    cinit        0034D0
intlevel0                text         000000
intlevel1                text         000000
intlevel2                text         000000
intlevel3                text         000000
isa$std                  (abs)        000001
isa$xinst                (abs)        000000
kpDebounce@i             cstackCOMRAM 00000A
kpDebounce@j             cstackCOMRAM 000009
kpDebounce@k             cstackCOMRAM 000007
kpDebounce@old_D         cstackCOMRAM 000006
kpDebounce@tempo         bssCOMRAM    000064
kpDebounce@valorAntigo   bssCOMRAM    000059
kpDebounce@valorNovo     bssCOMRAM    00005B
kpOptions1@tecla         cstackCOMRAM 000057
kpOptions2@F2450         dataBANK2    0002A0
kpOptions2@F2452         dataBANK3    000300
kpOptions2@msg2          cstackBANK0  0000C0
kpOptions2@msg3          cstackBANK0  000080
kpOptions2@tecla1        cstackBANK0  0000E0
lcdCommand@cmd           cstackCOMRAM 000008
lcdCommand@old_D         cstackCOMRAM 000007
lcdData@old_D            cstackCOMRAM 000008
lcdData@valor            cstackCOMRAM 000007
lcdPosition@col          cstackCOMRAM 000009
lcdPosition@comand       cstackCOMRAM 00000A
lcdPosition@lin          cstackCOMRAM 00000B
main@F2391               dataBANK3    000370
main@F2393               dataBANK4    000400
main@msg                 cstackBANK1  0001A0
main@msg1                cstackBANK1  000160
pinMode@pin              cstackCOMRAM 000001
pinMode@type             cstackCOMRAM 000003
preWash@F2400            dataBANK2    000280
preWash@F2402            dataBANK2    000260
preWash@F2404            dataBANK2    000240
preWash@msgem            cstackBANK1  000100
preWash@msgem1           cstackBANK1  000120
preWash@msgem2           cstackBANK1  000140
printf@i                 cstackCOMRAM 00000F
printf@j                 cstackCOMRAM 00000B
printf@msg               cstackCOMRAM 000009
pwmFrequency@freq        cstackCOMRAM 00000F
pwmSet1@porcento         cstackCOMRAM 00000A
pwmSet1@val              cstackCOMRAM 00000B
pwmSet2@porcento         cstackCOMRAM 00000A
pwmSet2@val              cstackCOMRAM 00000B
ssdDigit@pos             cstackCOMRAM 000019
ssdDigit@val             cstackCOMRAM 00001A
ssdTimer@c               cstackCOMRAM 00001F
ssdTimer@cont            cstackCOMRAM 00001B
ssdTimer@i               cstackCOMRAM 000021
ssdTimer@tempo           cstackCOMRAM 000023
stackhi                  (abs)        0005FF
stacklo                  (abs)        000440
start                    init         000000
start_initialization     cinit        003440
washFour@F2432           dataBANK3    000340
washFour@c               cstackCOMRAM 00004B
washFour@cont            cstackCOMRAM 000053
washFour@i               cstackCOMRAM 00004D
washFour@msg             cstackCOMRAM 00001B
washFour@tempo           cstackCOMRAM 00004F
washOne@F2411            dataBANK2    000220
washOne@c                cstackCOMRAM 00003B
washOne@cont             cstackCOMRAM 000043
washOne@i                cstackCOMRAM 00003D
washOne@msg              cstackCOMRAM 00001B
washOne@tempo            cstackCOMRAM 00003F
washThree@F2425          dataBANK3    000390
washThree@c              cstackCOMRAM 00003B
washThree@cont           cstackCOMRAM 000043
washThree@i              cstackCOMRAM 00003D
washThree@msg            cstackCOMRAM 00001B
washThree@tempo          cstackCOMRAM 00003F
washTwo@F2418            dataBANK2    000200
washTwo@c                cstackCOMRAM 00003B
washTwo@cont             cstackCOMRAM 000043
washTwo@i                cstackCOMRAM 00003D
washTwo@msg              cstackCOMRAM 00001B
washTwo@tempo            cstackCOMRAM 00003F


MODULE INFORMATION

Module		Function		Class		Link	Load	Size
ssd.c
		_ssdInit       		CODE           	39E0	0000	86
		_ssdTimer      		CODE           	20C8	0000	1000
		_ssdDigit      		CODE           	3988	0000	88
		_ssdUpdate     		CODE           	2C3A	0000	336

ssd.c estimated size: 1510

C:\Program Files\Microchip\xc8\v2.32\pic\sources\c99\common\sprcadd.c
		___fladd       		CODE           	1C08	0000	1216

C:\Program Files\Microchip\xc8\v2.32\pic\sources\c99\common\sprcadd.c estimated size: 1216

C:\Program Files\Microchip\xc8\v2.32\pic\sources\c99\common\aldiv.c
		___aldiv       		CODE           	2D8A	0000	268

C:\Program Files\Microchip\xc8\v2.32\pic\sources\c99\common\aldiv.c estimated size: 268

time.c
		_delay         		CODE           	3924	0000	100
		_delayAux      		CODE           	3B44	0000	48

time.c estimated size: 148

keypad.c
		_kpOptions1    		CODE           	35FC	0000	126
		_kpOptions2    		CODE           	2E96	0000	264
		_kpInit        		CODE           	3C1A	0000	10
		_kpDebounce    		CODE           	294C	0000	378
		_kpRead        		CODE           	3C10	0000	10

keypad.c estimated size: 788

io.c
		_digitalWrite  		CODE           	26FE	0000	590
		_pinMode       		CODE           	24B0	0000	590

io.c estimated size: 1180

pwm.c
		_pwmSet2       		CODE           	3850	0000	108
		_pwmInit       		CODE           	3BC0	0000	28
		_pwmSet1       		CODE           	37E4	0000	108
		_pwmFrequency  		CODE           	3B9A	0000	38
		_buzzer        		CODE           	38BC	0000	104

pwm.c estimated size: 386

C:\Program Files\Microchip\xc8\v2.32\pic\sources\c99\common\Umul16.c
		___wmul        		CODE           	3B74	0000	38

C:\Program Files\Microchip\xc8\v2.32\pic\sources\c99\common\Umul16.c estimated size: 38

shared
		_valor@ssd$F340		SMALLCONST     	0601	0000	17
		__initialization		CODE           	3440	0000	144

shared estimated size: 161

C:\Program Files\Microchip\xc8\v2.32\pic\sources\c99\common\almod.c
		___almod       		CODE           	3292	0000	236

C:\Program Files\Microchip\xc8\v2.32\pic\sources\c99\common\almod.c estimated size: 236

washes.c
		_washFour      		CODE           	168E	0000	1402
		_washTwo       		CODE           	0620	0000	1402
		_washOne       		CODE           	1114	0000	1402
		_preWash       		CODE           	2AC6	0000	372
		_washThree     		CODE           	0B9A	0000	1402

washes.c estimated size: 5980

C:\Program Files\Microchip\xc8\v2.32\pic\sources\c99\common\lwdiv.c
		___lwdiv       		CODE           	3770	0000	116

C:\Program Files\Microchip\xc8\v2.32\pic\sources\c99\common\lwdiv.c estimated size: 116

lcd.c
		_lcdCommand    		CODE           	367A	0000	126
		_lcdPosition   		CODE           	3B0A	0000	58
		_Delay40us     		CODE           	3BF8	0000	24
		_lcdInit       		CODE           	36F8	0000	120
		_lcdData       		CODE           	3A36	0000	84
		_Delay2ms      		CODE           	3BDC	0000	28

lcd.c estimated size: 440

lcdMsg.c
		_printf        		CODE           	337E	0000	194

lcdMsg.c estimated size: 194

main.c
		_main          		CODE           	356C	0000	144

main.c estimated size: 144

C:\Program Files\Microchip\xc8\v2.32\pic\sources\c99\common\flge.c
		___flge        		CODE           	2F9E	0000	260

C:\Program Files\Microchip\xc8\v2.32\pic\sources\c99\common\flge.c estimated size: 260

led.c
		_initDishWasher		CODE           	34DA	0000	146

led.c estimated size: 146

